2026-04-16 10:13:22,251 - INFO - Email sent to ['john.doe@aumovio.com']
2026-04-16 10:22:14,740 - INFO - Email sent to ['john.doe@aumovio.com', 'pit.bull@aumovio.com']
2026-04-17 12:10:35,488 | ERROR | EMAIL_FAILED
Traceback (most recent call last):
  File "C:\Users\uik07120\Desktop\mail-api-project\main.py", line 162, in send_mail
    send_email_message(msg)
    ~~~~~~~~~~~~~~~~~~^^^^^
  File "C:\Users\uik07120\Desktop\mail-api-project\main.py", line 100, in send_email_message
    with smtplib.SMTP(SMTP_HOST, SMTP_PORT) as server:
         ~~~~~~~~~~~~^^^^^^^^^^^^^^^^^^^^^^
  File "C:\Users\uik07120\AppData\Local\Programs\Python\Python314\Lib\smtplib.py", line 262, in __init__
    (code, msg) = self.connect(host, port)
                  ~~~~~~~~~~~~^^^^^^^^^^^^
  File "C:\Users\uik07120\AppData\Local\Programs\Python\Python314\Lib\smtplib.py", line 348, in connect
    self.sock = self._get_socket(host, port, self.timeout)
                ~~~~~~~~~~~~~~~~^^^^^^^^^^^^^^^^^^^^^^^^^^
  File "C:\Users\uik07120\AppData\Local\Programs\Python\Python314\Lib\smtplib.py", line 319, in _get_socket
    return socket.create_connection((host, port), timeout,
           ~~~~~~~~~~~~~~~~~~~~~~~~^^^^^^^^^^^^^^^^^^^^^^^
                                    self.source_address)
                                    ^^^^^^^^^^^^^^^^^^^^
  File "C:\Users\uik07120\AppData\Local\Programs\Python\Python314\Lib\socket.py", line 870, in create_connection
    raise exceptions[0]
  File "C:\Users\uik07120\AppData\Local\Programs\Python\Python314\Lib\socket.py", line 855, in create_connection
    sock.connect(sa)
    ~~~~~~~~~~~~^^^^
ConnectionRefusedError: [WinError 10061] No connection could be made because the target machine actively refused it
2026-04-17 12:11:22,548 | ERROR | EMAIL_FAILED
Traceback (most recent call last):
  File "C:\Users\uik07120\Desktop\mail-api-project\main.py", line 162, in send_mail
    send_email_message(msg)
    ~~~~~~~~~~~~~~~~~~^^^^^
  File "C:\Users\uik07120\Desktop\mail-api-project\main.py", line 100, in send_email_message
    with smtplib.SMTP(SMTP_HOST, SMTP_PORT) as server:
         ~~~~~~~~~~~~^^^^^^^^^^^^^^^^^^^^^^
  File "C:\Users\uik07120\AppData\Local\Programs\Python\Python314\Lib\smtplib.py", line 262, in __init__
    (code, msg) = self.connect(host, port)
                  ~~~~~~~~~~~~^^^^^^^^^^^^
  File "C:\Users\uik07120\AppData\Local\Programs\Python\Python314\Lib\smtplib.py", line 348, in connect
    self.sock = self._get_socket(host, port, self.timeout)
                ~~~~~~~~~~~~~~~~^^^^^^^^^^^^^^^^^^^^^^^^^^
  File "C:\Users\uik07120\AppData\Local\Programs\Python\Python314\Lib\smtplib.py", line 319, in _get_socket
    return socket.create_connection((host, port), timeout,
           ~~~~~~~~~~~~~~~~~~~~~~~~^^^^^^^^^^^^^^^^^^^^^^^
                                    self.source_address)
                                    ^^^^^^^^^^^^^^^^^^^^
  File "C:\Users\uik07120\AppData\Local\Programs\Python\Python314\Lib\socket.py", line 870, in create_connection
    raise exceptions[0]
  File "C:\Users\uik07120\AppData\Local\Programs\Python\Python314\Lib\socket.py", line 855, in create_connection
    sock.connect(sa)
    ~~~~~~~~~~~~^^^^
ConnectionRefusedError: [WinError 10061] No connection could be made because the target machine actively refused it
2026-04-17 12:16:27,369 | ERROR | EMAIL_FAILED
Traceback (most recent call last):
  File "C:\Users\uik07120\Desktop\mail-api-project\main.py", line 162, in send_mail
    send_email_message(msg)
    ~~~~~~~~~~~~~~~~~~^^^^^
  File "C:\Users\uik07120\Desktop\mail-api-project\main.py", line 100, in send_email_message
    with smtplib.SMTP(SMTP_HOST, SMTP_PORT) as server:
         ~~~~~~~~~~~~^^^^^^^^^^^^^^^^^^^^^^
  File "C:\Users\uik07120\AppData\Local\Programs\Python\Python314\Lib\smtplib.py", line 262, in __init__
    (code, msg) = self.connect(host, port)
                  ~~~~~~~~~~~~^^^^^^^^^^^^
  File "C:\Users\uik07120\AppData\Local\Programs\Python\Python314\Lib\smtplib.py", line 348, in connect
    self.sock = self._get_socket(host, port, self.timeout)
                ~~~~~~~~~~~~~~~~^^^^^^^^^^^^^^^^^^^^^^^^^^
  File "C:\Users\uik07120\AppData\Local\Programs\Python\Python314\Lib\smtplib.py", line 319, in _get_socket
    return socket.create_connection((host, port), timeout,
           ~~~~~~~~~~~~~~~~~~~~~~~~^^^^^^^^^^^^^^^^^^^^^^^
                                    self.source_address)
                                    ^^^^^^^^^^^^^^^^^^^^
  File "C:\Users\uik07120\AppData\Local\Programs\Python\Python314\Lib\socket.py", line 870, in create_connection
    raise exceptions[0]
  File "C:\Users\uik07120\AppData\Local\Programs\Python\Python314\Lib\socket.py", line 855, in create_connection
    sock.connect(sa)
    ~~~~~~~~~~~~^^^^
ConnectionRefusedError: [WinError 10061] No connection could be made because the target machine actively refused it
2026-04-17 12:21:08,077 - ERROR - Error sending email: [WinError 10061] No connection could be made because the target machine actively refused it
2026-04-17 12:23:27,274 - INFO - Email sent to ['john.doe@aumovio.com'] with attachment Project_Email_Gayatri.pdf
2026-04-20 10:13:59,960 - INFO - Email sent to ['john.doe@aumovio.com'] with attachment TimeStatement_20260401_20260414.pdf
2026-04-20 10:29:32,155 - INFO - Email sent to ['john.doe@aumovio.com'] with attachment TimeStatement_20260401_20260414.pdf
2026-04-20 11:38:50,982 - INFO - Email sent to ['john.doe@aumovio.com'] with attachment TimeStatement_20260401_20260414.pdf
2026-04-20 11:39:13,152 - INFO - Email sent to ['john.doe@aumovio.com'] with attachment TimeStatement_20260401_20260414.pdf
2026-04-20 13:12:04,604 - INFO - Email sent to ['john.doe@aumovio.com'] with attachment TimeStatement_20260401_20260414.pdf
2026-04-20 14:54:48,076 - INFO - Email sent to ['gayatri.desai@aumovio.com'] with attachment TimeStatement_20260401_20260414.pdf
2026-04-21 12:45:52,026 - INFO - Email sent to ['jie.doe@aumovio.com'] with attachment TimeStatement_20260401_20260414.pdf
2026-04-23 12:07:19,719 - INFO - Email sent to ['Kevin.robo@aumovio.com'] with attachment TimeStatement_20260401_20260414.pdf
2026-05-27 10:10:39,846 - ERROR - Error sending email: [WinError 10061] No connection could be made because the target machine actively refused it
2026-05-27 13:22:33,673 - ERROR - Error sending email: [WinError 10061] No connection could be made because the target machine actively refused it
2026-05-27 13:26:31,912 - INFO - Email sent to ['test@aumovio.com'] with attachment Readme_DE.txt
2026-05-27 15:03:00,962 - INFO - Email sent to ['test@aumovio.com'] with attachment Readme_DE.txt
2026-06-01 10:03:14,892 - ERROR - Error sending email: 'NoneType' object has no attribute 'read'
2026-06-01 10:14:55,242 - ERROR - Error sending email: [WinError 10061] No connection could be made because the target machine actively refused it
2026-06-01 10:15:20,576 - INFO - Email sent to ['test@aumovio.com']
2026-06-01 10:15:46,615 - INFO - Email sent to ['test@aumovio.com'] with attachment Readme_DE.txt
2026-06-01 10:18:30,679 - INFO - Email sent to ['test@aumovio.com'] with attachment Readme_DE.txt
2026-06-01 10:40:35,602 - INFO - Email sent to ['test@aumovio.com']
2026-06-01 11:20:24,376 - INFO - Email sent to ['test@aumovio.com']
2026-06-01 13:23:24,997 - INFO - Email sent to ['test@aumovio.com']
2026-06-01 14:31:17,378 - INFO - Email sent to ['test123@aumovio.com']
2026-06-01 14:34:43,427 - INFO - Email sent to ['gayatri.desai@aumovio.com']
2026-06-02 11:19:53,387 - INFO - Email sent to ['test@aumovio.com']
2026-07-02 09:58:22,948 - INFO - Email sent to ['johndoe@aumovio.com']
2026-07-30 11:26:53,838 - INFO - Email sent to ['test@aumovio.com']
2026-07-30 11:51:48,974 - INFO - Email sent to ['test@aumovio.com'] with attachment Thesis Updated.pdf
2026-07-31 09:58:51,012 - ERROR - Error sending email: [WinError 10061] No connection could be made because the target machine actively refused it
2026-08-03 10:01:00,899 - INFO - Email sent to ['test@aumovio.com'] with attachment Thesis Updated.pdf
2026-08-03 13:35:20,514 - INFO - Email sent to ['test@aumovio.com'] with attachment Thesis Updated.pdf
2026-08-03 14:04:17,612 - INFO - Email sent to ['test@aumovio.com'] with attachment Thesis Updated.pdf
2026-08-03 14:04:24,256 - INFO - Email sent to ['test@aumovio.com'] with attachment Thesis Updated.pdf
2026-08-03 14:04:40,243 - INFO - Email sent to ['test@aumovio.com'] with attachment Thesis Updated.pdf
2026-09-15 09:03:30,830 - INFO - Email sent to ['employee@aumovio.com']
2026-09-15 09:12:32,602 - INFO - Email sent to ['user@aumovio.com'] with attachment Project_Email_Gayatri.pdf
2026-09-15 15:45:49,993 - INFO - Email sent to ['john@aumovio.com']
